init 146571
it 0 total 146571 best 146571
it 20000 total 144774 best 144774
it 40000 total 144637 best 144637
it 60000 total 144617 best 144617
it 80000 total 144617 best 144617
it 100000 total 144617 best 144617
it 120000 total 144617 best 144617
it 140000 total 144617 best 144617
it 160000 total 144617 best 144617
it 180000 total 144617 best 144617
it 200000 total 144617 best 144617
it 220000 total 144617 best 144617
it 240000 total 144617 best 144617
it 260000 total 144617 best 144617
it 280000 total 144617 best 144617
it 300000 total 144617 best 144617
it 320000 total 144617 best 144617
it 340000 total 144617 best 144617
it 360000 total 144617 best 144617
it 380000 total 144617 best 144617
it 400000 total 144617 best 144617
it 420000 total 144617 best 144617
it 440000 total 144617 best 144617
it 460000 total 144617 best 144617
it 480000 total 144617 best 144617
it 500000 total 144617 best 144617
it 520000 total 144617 best 144617
it 540000 total 144617 best 144617
it 560000 total 144617 best 144617
it 580000 total 144617 best 144617
final 144617 check 144617 best 144617
