init 181700
it 0 total 181700 best 181700
it 20000 total 156092 best 156092
it 40000 total 154792 best 154783
it 60000 total 154449 best 154439
it 80000 total 154157 best 154123
it 100000 total 153926 best 153926
it 120000 total 153779 best 153779
it 140000 total 153739 best 153736
it 160000 total 153549 best 153539
it 180000 total 153489 best 153477
it 200000 total 153483 best 153477
it 220000 total 153474 best 153469
it 240000 total 153465 best 153461
it 260000 total 153464 best 153447
it 280000 total 153447 best 153443
it 300000 total 153447 best 153443
it 320000 total 153403 best 153401
it 340000 total 153405 best 153401
it 360000 total 153397 best 153397
it 380000 total 153397 best 153397
it 400000 total 153397 best 153397
it 420000 total 153398 best 153397
it 440000 total 153403 best 153397
it 460000 total 153400 best 153397
it 480000 total 153398 best 153397
it 500000 total 153398 best 153397
it 520000 total 153398 best 153397
it 540000 total 153398 best 153397
it 560000 total 153398 best 153397
it 580000 total 153398 best 153397
final 153398 check 153398 best 153397
