init 146571
it 0 total 146571 best 146571
it 20000 total 144987 best 144976
it 40000 total 144636 best 144608
it 60000 total 144405 best 144387
it 80000 total 144254 best 144243
it 100000 total 144136 best 144136
it 120000 total 144037 best 144026
it 140000 total 143945 best 143933
it 160000 total 143938 best 143912
it 180000 total 143821 best 143815
it 200000 total 143789 best 143789
it 220000 total 143775 best 143763
it 240000 total 143759 best 143726
it 260000 total 143715 best 143710
it 280000 total 143697 best 143695
it 300000 total 143717 best 143688
it 320000 total 143695 best 143683
it 340000 total 143678 best 143678
it 360000 total 143687 best 143674
it 380000 total 143667 best 143662
it 400000 total 143662 best 143661
it 420000 total 143654 best 143652
it 440000 total 143660 best 143652
it 460000 total 143657 best 143652
it 480000 total 143657 best 143652
it 500000 total 143657 best 143652
it 520000 total 143654 best 143652
it 540000 total 143654 best 143652
it 560000 total 143654 best 143652
it 580000 total 143654 best 143652
final 143654 check 143654 best 143652
